2026-09-15 23:40:15 [INFO] [__main__]: ==================== START ETL PIPELINE ====================
2026-09-15 23:40:15 [INFO] [__main__]: [1/3] Đang đọc dữ liệu đầu vào (EXTRACT)...
2026-09-15 23:40:15 [INFO] [src.extract]: Bắt đầu đọc dữ liệu từ: data\raw\raw_sales_dataset_100 (1).csv
2026-09-15 23:40:15 [INFO] [src.extract]: Đọc dữ liệu thành công: 100 bản ghi từ data\raw\raw_sales_dataset_100 (1).csv
2026-09-15 23:40:15 [INFO] [__main__]: ✓ Đã trích xuất thành công 100 bản ghi.
2026-09-15 23:40:15 [INFO] [__main__]: [2/3] Đang làm sạch và kiểm tra dữ liệu (TRANSFORM)...
2026-09-15 23:40:15 [INFO] [src.transform]: Bắt đầu làm sạch dữ liệu (100 bản ghi)...
2026-09-15 23:40:15 [INFO] [src.transform]: Hoàn thành làm sạch 100 bản ghi.
2026-09-15 23:40:15 [INFO] [src.transform]: Bắt đầu kiểm tra tính hợp lệ dữ liệu (100 bản ghi)...
2026-09-15 23:40:15 [WARNING] [src.transform]: Kiểm tra hoàn tất: Phát hiện 23/100 bản ghi có vấn đề.
2026-09-15 23:40:15 [INFO] [src.transform]: Tổng kết validation: 77/100 bản ghi đạt (77.0%), 23 bản ghi có lỗi (23.0%).
2026-09-15 23:40:15 [WARNING] [src.transform]: Tổng hợp các loại lỗi: net_revenue is invalid: 10, invalid quantity: 7, category is default: 5, customer_name is default: 4, price is missing: 3, order_status is unknown: 2, order_date is missing: 2
2026-09-15 23:40:15 [INFO] [__main__]: [3/3] Đang lưu dữ liệu đã chuẩn hóa (LOAD)...
2026-09-15 23:40:15 [INFO] [src.load]: Đã lưu thành công 100 dòng vào: data\processed\clean_sales_dataset.csv
2026-09-15 23:40:15 [INFO] [__main__]: ✓ Lưu dữ liệu hoàn tất.
2026-09-15 23:40:15 [INFO] [__main__]: ==================== PIPELINE COMPLETED ====================
2026-09-15 23:41:49 [INFO] [__main__]: ==================== START ETL PIPELINE ====================
2026-09-15 23:41:49 [INFO] [__main__]: [1/3] Đang đọc dữ liệu đầu vào (EXTRACT)...
2026-09-15 23:41:49 [INFO] [src.extract]: Bắt đầu đọc dữ liệu từ: data\raw\raw_sales_dataset_100 (1).csv
2026-09-15 23:41:49 [INFO] [src.extract]: Đọc dữ liệu thành công: 100 bản ghi từ data\raw\raw_sales_dataset_100 (1).csv
2026-09-15 23:41:49 [INFO] [__main__]: ✓ Đã trích xuất thành công 100 bản ghi.
2026-09-15 23:41:49 [INFO] [__main__]: [2/3] Đang làm sạch và kiểm tra dữ liệu (TRANSFORM)...
2026-09-15 23:41:49 [INFO] [src.transform]: Bắt đầu làm sạch dữ liệu (100 bản ghi)...
2026-09-15 23:41:49 [INFO] [src.transform]: Hoàn thành làm sạch 100 bản ghi.
2026-09-15 23:41:49 [INFO] [src.transform]: Bắt đầu kiểm tra tính hợp lệ dữ liệu (100 bản ghi)...
2026-09-15 23:41:49 [WARNING] [src.transform]: Kiểm tra hoàn tất: Phát hiện 23/100 bản ghi có vấn đề.
2026-09-15 23:41:49 [INFO] [src.transform]: Tổng kết validation: 77/100 bản ghi đạt (77.0%), 23 bản ghi có lỗi (23.0%).
2026-09-15 23:41:49 [WARNING] [src.transform]: Tổng hợp các loại lỗi: net_revenue is invalid: 10, invalid quantity: 7, category is default: 5, customer_name is default: 4, price is missing: 3, order_status is unknown: 2, order_date is missing: 2
2026-09-15 23:41:49 [INFO] [__main__]: [3/3] Đang lưu dữ liệu đã chuẩn hóa (LOAD)...
2026-09-15 23:41:49 [INFO] [src.load]: Đã lưu thành công 100 dòng vào: data\processed\clean_sales_dataset.csv
2026-09-15 23:41:49 [INFO] [__main__]: ✓ Lưu dữ liệu hoàn tất.
2026-09-15 23:41:49 [INFO] [__main__]: ==================== PIPELINE COMPLETED ====================
2026-09-15 23:42:17 [INFO] [__main__]: ==================== START ETL PIPELINE ====================
2026-09-15 23:42:17 [INFO] [__main__]: [1/3] Đang đọc dữ liệu đầu vào (EXTRACT)...
2026-09-15 23:42:17 [INFO] [src.extract]: Bắt đầu đọc dữ liệu từ: data\raw\raw_sales_dataset_100 (1).csv
2026-09-15 23:42:17 [INFO] [src.extract]: Đọc dữ liệu thành công: 100 bản ghi từ data\raw\raw_sales_dataset_100 (1).csv
2026-09-15 23:42:17 [INFO] [__main__]: ✓ Đã trích xuất thành công 100 bản ghi.
2026-09-15 23:42:17 [INFO] [__main__]: [2/3] Đang làm sạch và kiểm tra dữ liệu (TRANSFORM)...
2026-09-15 23:42:17 [INFO] [src.transform]: Bắt đầu làm sạch dữ liệu (100 bản ghi)...
2026-09-15 23:42:17 [INFO] [src.transform]: Hoàn thành làm sạch 100 bản ghi.
2026-09-15 23:42:17 [INFO] [src.transform]: Bắt đầu kiểm tra tính hợp lệ dữ liệu (100 bản ghi)...
2026-09-15 23:42:17 [WARNING] [src.transform]: Kiểm tra hoàn tất: Phát hiện 23/100 bản ghi có vấn đề.
2026-09-15 23:42:17 [INFO] [src.transform]: Tổng kết validation: 77/100 bản ghi đạt (77.0%), 23 bản ghi có lỗi (23.0%).
2026-09-15 23:42:17 [WARNING] [src.transform]: Tổng hợp các loại lỗi: net_revenue is invalid: 10, invalid quantity: 7, category is default: 5, customer_name is default: 4, price is missing: 3, order_status is unknown: 2, order_date is missing: 2
2026-09-15 23:42:17 [INFO] [__main__]: [3/3] Đang lưu dữ liệu đã chuẩn hóa (LOAD)...
2026-09-15 23:42:17 [INFO] [src.load]: Đã lưu thành công 100 dòng vào: data\processed\clean_sales_dataset.csv
2026-09-15 23:42:17 [INFO] [__main__]: ✓ Lưu dữ liệu hoàn tất.
2026-09-15 23:42:17 [INFO] [__main__]: ==================== PIPELINE COMPLETED ====================
